12.02.2020
Mic_dejun
400,50,20,30,30,20,1,3
Pranz
700,40,30,60,60,30,3,0
Cina
500,30,40,50,40,10,2,2
Gustari
200,20,10,20,20,5,1,20
Total
1800,140,100,160,150,65,7,25
13.02.2020
Mic_dejun
700,50,10,30,20,10,2,2
Pranz
400,40,30,60,60,40,3,0
Cina
500,30,50,50,50,10,1,2
Gustari
300,20,10,20,20,5,1,20
Total
1800,140,100,160,150,65,7,25
14.02.2020
Mic_dejun
200,50,20,50,30,20,1,3
Pranz
900,40,40,60,60,40,3,0
Cina
300,20,30,30,40,20,2,2
Gustari
400,30,10,20,20,5,3,20
Total
1800,140,100,160,150,85,9,25